<html>
<body>
<pre>
<h1>µVision Build Log</h1>
<h2>Tool Versions:</h2>
IDE-Version: µVision V5.27.1.0
Copyright (C) 2019 ARM Ltd and ARM Germany GmbH. All rights reserved.
License Information: Tim IEUser Ad, Microsoft, LIC=----
 
Tool Versions:
Toolchain:       MDK-Lite  Version: 5.27.1.0
Toolchain Path:  C:\Keil_v5\ARM\ARMCC\Bin
C Compiler:      Armcc.exe V5.06 update 6 (build 750)
Assembler:       Armasm.exe V5.06 update 6 (build 750)
Linker/Locator:  ArmLink.exe V5.06 update 6 (build 750)
Library Manager: ArmAr.exe V5.06 update 6 (build 750)
Hex Converter:   FromElf.exe V5.06 update 6 (build 750)
CPU DLL:         SARMCM3.DLL V5.27.1.0
Dialog DLL:      DCM.DLL V1.17.2.0
Target DLL:      STLink\ST-LINKIII-KEIL_SWO.dll V3.0.6.0
Dialog DLL:      TCM.DLL V1.36.1.0
 
<h2>Project:</h2>
C:\Users\IEUser\Desktop\RTC_v2\MDK-ARM\RTC.uvprojx
Project File Date:  05/28/2019

<h2>Output:</h2>
*** Using Compiler 'V5.06 update 6 (build 750)', folder: 'C:\Keil_v5\ARM\ARMCC\Bin'
Build target 'RTC'
compiling main.c...
../Src/main.c(679): warning:  #188-D: enumerated type mixed with another type
      HAL_GPIO_WritePin(PortCnt, LCD_E,1);
../Src/main.c(681): warning:  #188-D: enumerated type mixed with another type
      HAL_GPIO_WritePin(PortCnt, LCD_E,0);
../Src/main.c(715): warning:  #188-D: enumerated type mixed with another type
      if (nibblesHIGH[0]==1) HAL_GPIO_WritePin(PortData, LCD_D4,1);
../Src/main.c(716): warning:  #188-D: enumerated type mixed with another type
      else HAL_GPIO_WritePin(PortData, LCD_D4,0);
../Src/main.c(718): warning:  #188-D: enumerated type mixed with another type
      if (nibblesHIGH[1]==1) HAL_GPIO_WritePin(PortData, LCD_D5,1);
../Src/main.c(719): warning:  #188-D: enumerated type mixed with another type
      else HAL_GPIO_WritePin(PortData, LCD_D5,0);
../Src/main.c(721): warning:  #188-D: enumerated type mixed with another type
      if (nibblesHIGH[2]==1) HAL_GPIO_WritePin(PortData, LCD_D6,1);
../Src/main.c(722): warning:  #188-D: enumerated type mixed with another type
      else HAL_GPIO_WritePin(PortData, LCD_D6,0);
../Src/main.c(724): warning:  #188-D: enumerated type mixed with another type
      if (nibblesHIGH[3]==1) HAL_GPIO_WritePin(PortData, LCD_D7,1);
../Src/main.c(725): warning:  #188-D: enumerated type mixed with another type
      else HAL_GPIO_WritePin(PortData, LCD_D7,0);
../Src/main.c(729): warning:  #188-D: enumerated type mixed with another type
      if (nibblesLOW[0]==1) HAL_GPIO_WritePin(PortData, LCD_D4,1);
../Src/main.c(730): warning:  #188-D: enumerated type mixed with another type
      else HAL_GPIO_WritePin(PortData, LCD_D4,0);
../Src/main.c(732): warning:  #188-D: enumerated type mixed with another type
      if (nibblesLOW[1]==1) HAL_GPIO_WritePin(PortData, LCD_D5,1);
../Src/main.c(733): warning:  #188-D: enumerated type mixed with another type
      else HAL_GPIO_WritePin(PortData, LCD_D5,0);
../Src/main.c(735): warning:  #188-D: enumerated type mixed with another type
      if (nibblesLOW[2]==1) HAL_GPIO_WritePin(PortData, LCD_D6,1);
../Src/main.c(736): warning:  #188-D: enumerated type mixed with another type
      else HAL_GPIO_WritePin(PortData, LCD_D6,0);
../Src/main.c(738): warning:  #188-D: enumerated type mixed with another type
      if (nibblesLOW[3]==1) HAL_GPIO_WritePin(PortData, LCD_D7,1);
../Src/main.c(739): warning:  #188-D: enumerated type mixed with another type
      else HAL_GPIO_WritePin(PortData, LCD_D7,0);
../Src/main.c(689): warning:  #177-D: variable "j"  was declared but never referenced
  int i, j, stelle, mod, snap;
../Src/main.c(748): warning:  #188-D: enumerated type mixed with another type
      HAL_GPIO_WritePin(PortCnt, LCD_RS,1);         //(RS: 1=Data, 0=Command)    
../Src/main.c(757): warning:  #188-D: enumerated type mixed with another type
      HAL_GPIO_WritePin(PortCnt, LCD_RS,0);         //(RS: 1=Data, 0=Command)    
../Src/main.c(768): warning:  #188-D: enumerated type mixed with another type
      HAL_GPIO_WritePin(PortCnt, LCD_RS,0);		//Register Select
../Src/main.c(769): warning:  #188-D: enumerated type mixed with another type
      HAL_GPIO_WritePin(PortCnt, LCD_RW,0);		//Read Write
../Src/main.c(770): warning:  #188-D: enumerated type mixed with another type
      HAL_GPIO_WritePin(PortCnt, LCD_E,0);		//Enable
../Src/main.c(771): warning:  #188-D: enumerated type mixed with another type
      HAL_GPIO_WritePin(PortData, LCD_D3,0);	//DB0-D3
../Src/main.c(772): warning:  #188-D: enumerated type mixed with another type
  	  HAL_GPIO_WritePin(PortData, LCD_D4,0);	//DB4
../Src/main.c(773): warning:  #188-D: enumerated type mixed with another type
      HAL_GPIO_WritePin(PortData, LCD_D5,0);	//DB5
../Src/main.c(774): warning:  #188-D: enumerated type mixed with another type
      HAL_GPIO_WritePin(PortData, LCD_D6,0);	//DB6
../Src/main.c(775): warning:  #188-D: enumerated type mixed with another type
      HAL_GPIO_WritePin(PortData, LCD_D7,0);	//DB7
../Src/main.c(783): warning:  #188-D: enumerated type mixed with another type
      HAL_GPIO_WritePin(PortData, LCD_D4,0);	//DB4
../Src/main.c(784): warning:  #188-D: enumerated type mixed with another type
      HAL_GPIO_WritePin(PortData, LCD_D5,1);	//DB5
../Src/main.c(785): warning:  #188-D: enumerated type mixed with another type
      HAL_GPIO_WritePin(PortData, LCD_D6,0);	//DB6
../Src/main.c(786): warning:  #188-D: enumerated type mixed with another type
      HAL_GPIO_WritePin(PortData, LCD_D7,0);	//DB7
../Src/main.c: 33 warnings, 0 errors
linking...
Program Size: Code=13060 RO-data=536 RW-data=28 ZI-data=2604  
FromELF: creating hex file...
"RTC\RTC.axf" - 0 Error(s), 33 Warning(s).

<h2>Software Packages used:</h2>

Package Vendor: ARM
                http://www.keil.com/pack/ARM.CMSIS.5.5.1.pack
                ARM.CMSIS.5.5.1
                CMSIS (Cortex Microcontroller Software Interface Standard)
   * Component: CORE Version: 5.2.0

Package Vendor: Keil
                http://www.keil.com/pack/Keil.STM32F4xx_DFP.2.13.0.pack
                Keil.STM32F4xx_DFP.2.13.0
                STMicroelectronics STM32F4 Series Device Support, Drivers and Examples

<h2>Collection of Component include folders:</h2>
  .\RTE\_RTC
  C:\Users\IEUser\AppData\Local\Arm\Packs\ARM\CMSIS\5.5.1\CMSIS\Core\Include
  C:\Users\IEUser\AppData\Local\Arm\Packs\Keil\STM32F4xx_DFP\2.13.0\Drivers\CMSIS\Device\ST\STM32F4xx\Include

<h2>Collection of Component Files used:</h2>

   * Component: ARM::CMSIS:CORE:5.2.0
Build Time Elapsed:  00:00:03
</pre>
</body>
</html>
